[debug] [2025-09-30T23:40:39.334Z] ----------------------------------------------------------------------
[debug] [2025-09-30T23:40:39.338Z] Command:       /home/david/.nvm/versions/node/v22.15.0/bin/node /home/david/.nvm/versions/node/v22.15.0/bin/firebase init
[debug] [2025-09-30T23:40:39.338Z] CLI Version:   14.17.0
[debug] [2025-09-30T23:40:39.339Z] Platform:      linux
[debug] [2025-09-30T23:40:39.339Z] Node Version:  v22.15.0
[debug] [2025-09-30T23:40:39.339Z] Time:          Wed Oct 01 2025 01:40:39 GMT+0200 (Centraleuropæisk sommertid)
[debug] [2025-09-30T23:40:39.339Z] ----------------------------------------------------------------------
[debug] 
[debug] [2025-09-30T23:40:39.347Z] > command requires scopes: ["email","openid","https://www.googleapis.com/auth/cloudplatformprojects.readonly","https://www.googleapis.com/auth/firebase","https://www.googleapis.com/auth/cloud-platform"]
[debug] [2025-09-30T23:40:39.347Z] > authorizing via signed-in user (davidwogelius@gmail.com)
[info] 
     ######## #### ########  ######## ########     ###     ######  ########
     ##        ##  ##     ## ##       ##     ##  ##   ##  ##       ##
     ######    ##  ########  ######   ########  #########  ######  ######
     ##        ##  ##    ##  ##       ##     ## ##     ##       ## ##
     ##       #### ##     ## ######## ########  ##     ##  ######  ########

You're about to initialize a Firebase project in this directory:

  /home/david/projects/wogelplanner

[info] 
=== Project Setup
[info] 
[info] First, let's associate this project directory with a Firebase project.
[info] You can create multiple project aliases by running firebase use --add, 
[info] but for now we'll just set up a default project.
[info] 
[debug] [2025-09-30T23:41:05.538Z] Using project from CLI flag: wogelplanner
[debug] [2025-09-30T23:41:05.540Z] Checked if tokens are valid: true, expires at: 1759278662207
[debug] [2025-09-30T23:41:05.541Z] Checked if tokens are valid: true, expires at: 1759278662207
[debug] [2025-09-30T23:41:05.543Z] >>> [apiv2][query] GET https://firebase.googleapis.com/v1beta1/projects/wogelplanner [none]
[debug] [2025-09-30T23:41:06.309Z] <<< [apiv2][status] GET https://firebase.googleapis.com/v1beta1/projects/wogelplanner 200
[debug] [2025-09-30T23:41:06.309Z] <<< [apiv2][body] GET https://firebase.googleapis.com/v1beta1/projects/wogelplanner {"projectId":"wogelplanner","projectNumber":"170036169635","displayName":"wogelplanner","name":"projects/wogelplanner","resources":{"hostingSite":"wogelplanner"},"state":"ACTIVE","etag":"1_2aab8243-97b9-46a8-905d-5d4160c969bd"}
[info] i  Using project wogelplanner (wogelplanner) 
[info] 
=== Dataconnect Setup
[debug] [2025-09-30T23:41:06.327Z] Checked if tokens are valid: true, expires at: 1759278662207
[debug] [2025-09-30T23:41:06.327Z] Checked if tokens are valid: true, expires at: 1759278662207
[debug] [2025-09-30T23:41:06.327Z] >>> [apiv2][query] GET https://cloudbilling.googleapis.com/v1/projects/wogelplanner/billingInfo [none]
[debug] [2025-09-30T23:41:07.184Z] <<< [apiv2][status] GET https://cloudbilling.googleapis.com/v1/projects/wogelplanner/billingInfo 200
[debug] [2025-09-30T23:41:07.184Z] <<< [apiv2][body] GET https://cloudbilling.googleapis.com/v1/projects/wogelplanner/billingInfo {"name":"projects/wogelplanner/billingInfo","projectId":"wogelplanner","billingAccountName":"","billingEnabled":false}
[info] i  dataconnect: ensuring required API firebasedataconnect.googleapis.com is enabled... 
[info] i  dataconnect: ensuring required API sqladmin.googleapis.com is enabled... 
[debug] [2025-09-30T23:41:07.188Z] Checked if tokens are valid: true, expires at: 1759278662207
[debug] [2025-09-30T23:41:07.189Z] Checked if tokens are valid: true, expires at: 1759278662207
[debug] [2025-09-30T23:41:07.189Z] >>> [apiv2][query] GET https://firebasedataconnect.googleapis.com/v1/projects/wogelplanner/locations/-/services [none]
[debug] [2025-09-30T23:41:08.497Z] <<< [apiv2][status] GET https://firebasedataconnect.googleapis.com/v1/projects/wogelplanner/locations/-/services 200
[debug] [2025-09-30T23:41:08.497Z] <<< [apiv2][body] GET https://firebasedataconnect.googleapis.com/v1/projects/wogelplanner/locations/-/services {}
[info] ✔  dataconnect: Detected existing apps . (web) 
[debug] [2025-09-30T23:41:11.202Z] Checked if tokens are valid: true, expires at: 1759278662207
[debug] [2025-09-30T23:41:11.202Z] Checked if tokens are valid: true, expires at: 1759278662207
[debug] [2025-09-30T23:41:11.202Z] >>> [apiv2][query] GET https://firebasedataconnect.googleapis.com/v1/projects/wogelplanner/locations/us-central1/services/wogelplanner/schemas/main [none]
[debug] [2025-09-30T23:41:11.993Z] <<< [apiv2][status] GET https://firebasedataconnect.googleapis.com/v1/projects/wogelplanner/locations/us-central1/services/wogelplanner/schemas/main 404
[debug] [2025-09-30T23:41:11.993Z] <<< [apiv2][body] GET https://firebasedataconnect.googleapis.com/v1/projects/wogelplanner/locations/us-central1/services/wogelplanner/schemas/main {"error":{"code":404,"message":"Resource 'projects/wogelplanner/locations/us-central1/services/wogelplanner/schemas/main' was not found","status":"NOT_FOUND","details":[{"@type":"type.googleapis.com/google.rpc.ResourceInfo","resourceName":"projects/wogelplanner/locations/us-central1/services/wogelplanner/schemas/main"}]}}
[info] i  dataconnect/dataconnect.yaml is unchanged 
[info] i  dataconnect/schema/schema.gql is unchanged 
[info] ✔  Wrote dataconnect/example/connector.yaml 
[info] i  dataconnect/example/queries.gql is unchanged 
[info] i  dataconnect/example/mutations.gql is unchanged 
[info] ✔  Wrote dataconnect/example/connector.yaml 
[info] i  dataconnect: Installing the generated SDKs ... 
[debug] [2025-09-30T23:41:14.265Z] defaultcredentials: writing to file /home/david/.config/firebase/davidwogelius_gmail_com_application_default_credentials.json
[info] ✔  dataconnect: Installed generated SDKs for . (web) 
[info] i  Visit https://firebase.google.com/docs/data-connect/web-sdk#react for more information on how to set up React Generated SDKs for Firebase Data Connect 
[info] 
=== Firestore Setup
[info] i  firestore: ensuring required API firestore.googleapis.com is enabled... 
[debug] [2025-09-30T23:41:14.355Z] Checked if tokens are valid: true, expires at: 1759278662207
[debug] [2025-09-30T23:41:14.355Z] Checked if tokens are valid: true, expires at: 1759278662207
[debug] [2025-09-30T23:41:14.356Z] >>> [apiv2][query] GET https://firestore.googleapis.com/v1/projects/wogelplanner/databases [none]
[debug] [2025-09-30T23:41:15.172Z] <<< [apiv2][status] GET https://firestore.googleapis.com/v1/projects/wogelplanner/databases 200
[debug] [2025-09-30T23:41:15.172Z] <<< [apiv2][body] GET https://firestore.googleapis.com/v1/projects/wogelplanner/databases {}
[debug] [2025-09-30T23:41:15.173Z] Checked if tokens are valid: true, expires at: 1759278662207
[debug] [2025-09-30T23:41:15.173Z] Checked if tokens are valid: true, expires at: 1759278662207
[debug] [2025-09-30T23:41:15.173Z] >>> [apiv2][query] GET https://firestore.googleapis.com/v1/projects/wogelplanner/locations [none]
[debug] [2025-09-30T23:41:15.373Z] <<< [apiv2][status] GET https://firestore.googleapis.com/v1/projects/wogelplanner/locations 200
[debug] [2025-09-30T23:41:15.373Z] <<< [apiv2][body] GET https://firestore.googleapis.com/v1/projects/wogelplanner/locations {"locations":[{"name":"projects/wogelplanner/locations/eur3","labels":{"appengine.googleapis.com/geo":"europe-west","cloud.googleapis.com/location":"eur3","cloud.googleapis.com/geo":"eur3"},"metadata":{"@type":"type.googleapis.com/google.firestore.admin.v1.LocationMetadata"},"locationId":"eur3","displayName":"Europe"},{"name":"projects/wogelplanner/locations/nam5","labels":{"appengine.googleapis.com/geo":"us-central","cloud.googleapis.com/location":"nam5","cloud.googleapis.com/geo":"nam5"},"metadata":{"@type":"type.googleapis.com/google.firestore.admin.v1.LocationMetadata"},"locationId":"nam5","displayName":"United States"},{"name":"projects/wogelplanner/locations/nam7","labels":{"cloud.googleapis.com/location":"nam7","cloud.googleapis.com/geo":"nam7"},"metadata":{"@type":"type.googleapis.com/google.firestore.admin.v1.LocationMetadata"},"locationId":"nam7","displayName":"United States"},{"name":"projects/wogelplanner/locations/africa-south1","labels":{"cloud.googleapis.com/location":"africa-south1","cloud.googleapis.com/region":"africa-south1"},"metadata":{"@type":"type.googleapis.com/google.firestore.admin.v1.LocationMetadata"},"locationId":"africa-south1","displayName":"Johannesburg"},{"name":"projects/wogelplanner/locations/asia-east1","labels":{"appengine.googleapis.com/region":"asia-east1","cloud.googleapis.com/location":"asia-east1","cloud.googleapis.com/region":"asia-east1"},"metadata":{"@type":"type.googleapis.com/google.firestore.admin.v1.LocationMetadata"},"locationId":"asia-east1","displayName":"Taiwan"},{"name":"projects/wogelplanner/locations/asia-east2","labels":{"appengine.googleapis.com/region":"asia-east2","cloud.googleapis.com/location":"asia-east2","cloud.googleapis.com/region":"asia-east2"},"metadata":{"@type":"type.googleapis.com/google.firestore.admin.v1.LocationMetadata"},"locationId":"asia-east2","displayName":"Hong Kong"},{"name":"projects/wogelplanner/locations/asia-northeast1","labels":{"appengine.googleapis.com/region":"asia-northeast1","cloud.googleapis.com/location":"asia-northeast1","cloud.googleapis.com/region":"asia-northeast1"},"metadata":{"@type":"type.googleapis.com/google.firestore.admin.v1.LocationMetadata"},"locationId":"asia-northeast1","displayName":"Tokyo"},{"name":"projects/wogelplanner/locations/asia-northeast2","labels":{"appengine.googleapis.com/region":"asia-northeast2","cloud.googleapis.com/location":"asia-northeast2","cloud.googleapis.com/region":"asia-northeast2"},"metadata":{"@type":"type.googleapis.com/google.firestore.admin.v1.LocationMetadata"},"locationId":"asia-northeast2","displayName":"Osaka"},{"name":"projects/wogelplanner/locations/asia-northeast3","labels":{"appengine.googleapis.com/region":"asia-northeast3","cloud.googleapis.com/location":"asia-northeast3","cloud.googleapis.com/region":"asia-northeast3"},"metadata":{"@type":"type.googleapis.com/google.firestore.admin.v1.LocationMetadata"},"locationId":"asia-northeast3","displayName":"Seoul"},{"name":"projects/wogelplanner/locations/asia-south1","labels":{"appengine.googleapis.com/region":"asia-south1","cloud.googleapis.com/location":"asia-south1","cloud.googleapis.com/region":"asia-south1"},"metadata":{"@type":"type.googleapis.com/google.firestore.admin.v1.LocationMetadata"},"locationId":"asia-south1","displayName":"Mumbai"},{"name":"projects/wogelplanner/locations/asia-south2","labels":{"cloud.googleapis.com/location":"asia-south2","cloud.googleapis.com/region":"asia-south2"},"metadata":{"@type":"type.googleapis.com/google.firestore.admin.v1.LocationMetadata"},"locationId":"asia-south2","displayName":"Delhi"},{"name":"projects/wogelplanner/locations/asia-southeast1","labels":{"appengine.googleapis.com/region":"asia-southeast1","cloud.googleapis.com/location":"asia-southeast1","cloud.googleapis.com/region":"asia-southeast1"},"metadata":{"@type":"type.googleapis.com/google.firestore.admin.v1.LocationMetadata"},"locationId":"asia-southeast1","displayName":"Singapore"},{"name":"projects/wogelplanner/locations/asia-southeast2","labels":{"appengine.googleapis.com/region":"asia-southeast2","cloud.googleapis.com/location":"asia-southeast2","cloud.googleapis.com/region":"asia-southeast2"},"metadata":{"@type":"type.googleapis.com/google.firestore.admin.v1.LocationMetadata"},"locationId":"asia-southeast2","displayName":"Jakarta"},{"name":"projects/wogelplanner/locations/australia-southeast1","labels":{"appengine.googleapis.com/region":"australia-southeast1","cloud.googleapis.com/location":"australia-southeast1","cloud.googleapis.com/region":"australia-southeast1"},"metadata":{"@type":"type.googleapis.com/google.firestore.admin.v1.LocationMetadata"},"locationId":"australia-southeast1","displayName":"Sydney"},{"name":"projects/wogelplanner/locations/australia-southeast2","labels":{"cloud.googleapis.com/location":"australia-southeast2","cloud.googleapis.com/region":"australia-southeast2"},"metadata":{"@type":"type.googleapis.com/google.firestore.admin.v1.LocationMetadata"},"locationId":"australia-southeast2","displayName":"Melbourne"},{"name":"projects/wogelplanner/locations/europe-central2","labels":{"appengine.googleapis.com/region":"europe-central2","cloud.googleapis.com/location":"europe-central2","cloud.googleapis.com/region":"europe-central2"},"metadata":{"@type":"type.googleapis.com/google.firestore.admin.v1.LocationMetadata"},"locationId":"europe-central2","displayName":"Warsaw"},{"name":"projects/wogelplanner/locations/europe-north1","labels":{"cloud.googleapis.com/location":"europe-north1","cloud.googleapis.com/region":"europe-north1"},"metadata":{"@type":"type.googleapis.com/google.firestore.admin.v1.LocationMetadata"},"locationId":"europe-north1","displayName":"Finland"},{"name":"projects/wogelplanner/locations/europe-north2","labels":{"cloud.googleapis.com/location":"europe-north2","cloud.googleapis.com/region":"europe-north2"},"metadata":{"@type":"type.googleapis.com/google.firestore.admin.v1.LocationMetadata"},"locationId":"europe-north2","displayName":"Stockholm"},{"name":"projects/wogelplanner/locations/europe-southwest1","labels":{"cloud.googleapis.com/location":"europe-southwest1","cloud.googleapis.com/region":"europe-southwest1"},"metadata":{"@type":"type.googleapis.com/google.firestore.admin.v1.LocationMetadata"},"locationId":"europe-southwest1","displayName":"Madrid"},{"name":"projects/wogelplanner/locations/europe-west1","labels":{"cloud.googleapis.com/location":"europe-west1","cloud.googleapis.com/region":"europe-west1"},"metadata":{"@type":"type.googleapis.com/google.firestore.admin.v1.LocationMetadata"},"locationId":"europe-west1","displayName":"Belgium"},{"name":"projects/wogelplanner/locations/europe-west10","labels":{"cloud.googleapis.com/location":"europe-west10","cloud.googleapis.com/region":"europe-west10"},"metadata":{"@type":"type.googleapis.com/google.firestore.admin.v1.LocationMetadata"},"locationId":"europe-west10","displayName":"Berlin"},{"name":"projects/wogelplanner/locations/europe-west12","labels":{"cloud.googleapis.com/location":"europe-west12","cloud.googleapis.com/region":"europe-west12"},"metadata":{"@type":"type.googleapis.com/google.firestore.admin.v1.LocationMetadata"},"locationId":"europe-west12","displayName":"Turin"},{"name":"projects/wogelplanner/locations/europe-west2","labels":{"appengine.googleapis.com/region":"europe-west2","cloud.googleapis.com/location":"europe-west2","cloud.googleapis.com/region":"europe-west2"},"metadata":{"@type":"type.googleapis.com/google.firestore.admin.v1.LocationMetadata"},"locationId":"europe-west2","displayName":"London"},{"name":"projects/wogelplanner/locations/europe-west3","labels":{"appengine.googleapis.com/region":"europe-west3","cloud.googleapis.com/location":"europe-west3","cloud.googleapis.com/region":"europe-west3"},"metadata":{"@type":"type.googleapis.com/google.firestore.admin.v1.LocationMetadata"},"locationId":"europe-west3","displayName":"Frankfurt"},{"name":"projects/wogelplanner/locations/europe-west4","labels":{"cloud.googleapis.com/location":"europe-west4","cloud.googleapis.com/region":"europe-west4"},"metadata":{"@type":"type.googleapis.com/google.firestore.admin.v1.LocationMetadata"},"locationId":"europe-west4","displayName":"Netherlands"},{"name":"projects/wogelplanner/locations/europe-west6","labels":{"appengine.googleapis.com/region":"europe-west6","cloud.googleapis.com/location":"europe-west6","cloud.googleapis.com/region":"europe-west6"},"metadata":{"@type":"type.googleapis.com/google.firestore.admin.v1.LocationMetadata"},"locationId":"europe-west6","displayName":"Zurich"},{"name":"projects/wogelplanner/locations/europe-west8","labels":{"cloud.googleapis.com/location":"europe-west8","cloud.googleapis.com/region":"europe-west8"},"metadata":{"@type":"type.googleapis.com/google.firestore.admin.v1.LocationMetadata"},"locationId":"europe-west8","displayName":"Milan"},{"name":"projects/wogelplanner/locations/europe-west9","labels":{"cloud.googleapis.com/location":"europe-west9","cloud.googleapis.com/region":"europe-west9"},"metadata":{"@type":"type.googleapis.com/google.firestore.admin.v1.LocationMetadata"},"locationId":"europe-west9","displayName":"Paris"},{"name":"projects/wogelplanner/locations/me-central1","labels":{"cloud.googleapis.com/location":"me-central1","cloud.googleapis.com/region":"me-central1"},"metadata":{"@type":"type.googleapis.com/google.firestore.admin.v1.LocationMetadata"},"locationId":"me-central1","displayName":"Doha"},{"name":"projects/wogelplanner/locations/me-central2","labels":{"cloud.googleapis.com/location":"me-central2","cloud.googleapis.com/region":"me-central2"},"metadata":{"@type":"type.googleapis.com/google.firestore.admin.v1.LocationMetadata"},"locationId":"me-central2","displayName":"Dammam"},{"name":"projects/wogelplanner/locations/me-west1","labels":{"cloud.googleapis.com/location":"me-west1","cloud.googleapis.com/region":"me-west1"},"metadata":{"@type":"type.googleapis.com/google.firestore.admin.v1.LocationMetadata"},"locationId":"me-west1","displayName":"Tel Aviv"},{"name":"projects/wogelplanner/locations/northamerica-northeast1","labels":{"appengine.googleapis.com/region":"northamerica-northeast1","cloud.googleapis.com/location":"northamerica-northeast1","cloud.googleapis.com/region":"northamerica-northeast1"},"metadata":{"@type":"type.googleapis.com/google.firestore.admin.v1.LocationMetadata"},"locationId":"northamerica-northeast1","displayName":"Montréal"},{"name":"projects/wogelplanner/locations/northamerica-northeast2","labels":{"cloud.googleapis.com/location":"northamerica-northeast2","cloud.googleapis.com/region":"northamerica-northeast2"},"metadata":{"@type":"type.googleapis.com/google.firestore.admin.v1.LocationMetadata"},"locationId":"northamerica-northeast2","displayName":"Toronto"},{"name":"projects/wogelplanner/locations/northamerica-south1","labels":{"cloud.googleapis.com/location":"northamerica-south1","cloud.googleapis.com/region":"northamerica-south1"},"metadata":{"@type":"type.googleapis.com/google.firestore.admin.v1.LocationMetadata"},"locationId":"northamerica-south1","displayName":"Mexico"},{"name":"projects/wogelplanner/locations/southamerica-east1","labels":{"appengine.googleapis.com/region":"southamerica-east1","cloud.googleapis.com/location":"southamerica-east1","cloud.googleapis.com/region":"southamerica-east1"},"metadata":{"@type":"type.googleapis.com/google.firestore.admin.v1.LocationMetadata"},"locationId":"southamerica-east1","displayName":"São Paulo"},{"name":"projects/wogelplanner/locations/southamerica-west1","labels":{"cloud.googleapis.com/location":"southamerica-west1","cloud.googleapis.com/region":"southamerica-west1"},"metadata":{"@type":"type.googleapis.com/google.firestore.admin.v1.LocationMetadata"},"locationId":"southamerica-west1","displayName":"Santiago"},{"name":"projects/wogelplanner/locations/us-central1","labels":{"cloud.googleapis.com/location":"us-central1","cloud.googleapis.com/region":"us-central1"},"metadata":{"@type":"type.googleapis.com/google.firestore.admin.v1.LocationMetadata"},"locationId":"us-central1","displayName":"Iowa"},{"name":"projects/wogelplanner/locations/us-east1","labels":{"appengine.googleapis.com/region":"us-east1","cloud.googleapis.com/location":"us-east1","cloud.googleapis.com/region":"us-east1"},"metadata":{"@type":"type.googleapis.com/google.firestore.admin.v1.LocationMetadata"},"locationId":"us-east1","displayName":"South Carolina"},{"name":"projects/wogelplanner/locations/us-east4","labels":{"appengine.googleapis.com/region":"us-east4","cloud.googleapis.com/location":"us-east4","cloud.googleapis.com/region":"us-east4"},"metadata":{"@type":"type.googleapis.com/google.firestore.admin.v1.LocationMetadata"},"locationId":"us-east4","displayName":"Northern Virginia"},{"name":"projects/wogelplanner/locations/us-east5","labels":{"cloud.googleapis.com/location":"us-east5","cloud.googleapis.com/region":"us-east5"},"metadata":{"@type":"type.googleapis.com/google.firestore.admin.v1.LocationMetadata"},"locationId":"us-east5","displayName":"Columbus"},{"name":"projects/wogelplanner/locations/us-south1","labels":{"cloud.googleapis.com/location":"us-south1","cloud.googleapis.com/region":"us-south1"},"metadata":{"@type":"type.googleapis.com/google.firestore.admin.v1.LocationMetadata"},"locationId":"us-south1","displayName":"Dallas"},{"name":"projects/wogelplanner/locations/us-west1","labels":{"appengine.googleapis.com/region":"us-west1","cloud.googleapis.com/location":"us-west1","cloud.googleapis.com/region":"us-west1"},"metadata":{"@type":"type.googleapis.com/google.firestore.admin.v1.LocationMetadata"},"locationId":"us-west1","displayName":"Oregon"},{"name":"projects/wogelplanner/locations/us-west2","labels":{"appengine.googleapis.com/region":"us-west2","cloud.googleapis.com/location":"us-west2","cloud.googleapis.com/region":"us-west2"},"metadata":{"@type":"type.googleapis.com/google.firestore.admin.v1.LocationMetadata"},"locationId":"us-west2","displayName":"Los Angeles"},{"name":"projects/wogelplanner/locations/us-west3","labels":{"appengine.googleapis.com/region":"us-west3","cloud.googleapis.com/location":"us-west3","cloud.googleapis.com/region":"us-west3"},"metadata":{"@type":"type.googleapis.com/google.firestore.admin.v1.LocationMetadata"},"locationId":"us-west3","displayName":"Salt Lake City"},{"name":"projects/wogelplanner/locations/us-west4","labels":{"appengine.googleapis.com/region":"us-west4","cloud.googleapis.com/location":"us-west4","cloud.googleapis.com/region":"us-west4"},"metadata":{"@type":"type.googleapis.com/google.firestore.admin.v1.LocationMetadata"},"locationId":"us-west4","displayName":"Las Vegas"}]}
[info] 
[info] Firestore Security Rules allow you to define how and when to allow
[info] requests. You can keep these rules in your project directory
[info] and publish them with firebase deploy.
[info] 
[debug] [2025-09-30T23:41:46.138Z] Checked if tokens are valid: true, expires at: 1759278662207
[debug] [2025-09-30T23:41:46.138Z] Checked if tokens are valid: true, expires at: 1759278662207
[debug] [2025-09-30T23:41:46.138Z] >>> [apiv2][query] GET https://firebaserules.googleapis.com/v1/projects/wogelplanner/releases pageSize=10&pageToken=
[debug] [2025-09-30T23:41:46.931Z] <<< [apiv2][status] GET https://firebaserules.googleapis.com/v1/projects/wogelplanner/releases 200
[debug] [2025-09-30T23:41:46.931Z] <<< [apiv2][body] GET https://firebaserules.googleapis.com/v1/projects/wogelplanner/releases {}
[info] i  firestore.rules is unchanged 
[info] 
[info] Firestore indexes allow you to perform complex queries while
[info] maintaining performance that scales with the size of the result
[info] set. You can keep index definitions in your project directory
[info] and publish them with firebase deploy.
[info] 
[debug] [2025-09-30T23:41:47.525Z] Checked if tokens are valid: true, expires at: 1759278662207
[debug] [2025-09-30T23:41:47.525Z] Checked if tokens are valid: true, expires at: 1759278662207
[debug] [2025-09-30T23:41:47.526Z] Checked if tokens are valid: true, expires at: 1759278662207
[debug] [2025-09-30T23:41:47.526Z] Checked if tokens are valid: true, expires at: 1759278662207
[debug] [2025-09-30T23:41:47.527Z] >>> [apiv2][query] GET https://firestore.googleapis.com/v1/projects/wogelplanner/databases/(default)/collectionGroups/-/indexes [none]
[debug] [2025-09-30T23:41:47.532Z] >>> [apiv2][query] GET https://firestore.googleapis.com/v1/projects/wogelplanner/databases/(default)/collectionGroups/-/fields?filter=indexConfig.usesAncestorConfig=false OR ttlConfig:* [none]
[debug] [2025-09-30T23:41:47.781Z] <<< [apiv2][status] GET https://firestore.googleapis.com/v1/projects/wogelplanner/databases/(default)/collectionGroups/-/fields?filter=indexConfig.usesAncestorConfig=false OR ttlConfig:* 404
[debug] [2025-09-30T23:41:47.782Z] <<< [apiv2][body] GET https://firestore.googleapis.com/v1/projects/wogelplanner/databases/(default)/collectionGroups/-/fields?filter=indexConfig.usesAncestorConfig=false OR ttlConfig:* {"error":{"code":404,"message":"Project 'wogelplanner' or database '(default)' does not exist.","status":"NOT_FOUND"}}
[info] i  firestore.indexes.json is unchanged 
[info] ✔  Wrote firestore.indexes.json 
[info] 
=== Hosting Setup
[debug] [2025-09-30T23:41:47.787Z] Checked if tokens are valid: true, expires at: 1759278662207
[debug] [2025-09-30T23:41:47.787Z] Checked if tokens are valid: true, expires at: 1759278662207
[debug] [2025-09-30T23:41:47.788Z] >>> [apiv2][query] GET https://firebase.googleapis.com/v1beta1/projects/wogelplanner [none]
[debug] [2025-09-30T23:41:47.867Z] <<< [apiv2][status] GET https://firestore.googleapis.com/v1/projects/wogelplanner/databases/(default)/collectionGroups/-/indexes 404
[debug] [2025-09-30T23:41:47.868Z] <<< [apiv2][body] GET https://firestore.googleapis.com/v1/projects/wogelplanner/databases/(default)/collectionGroups/-/indexes {"error":{"code":404,"message":"Project 'wogelplanner' or database '(default)' does not exist.","status":"NOT_FOUND"}}
[debug] [2025-09-30T23:41:48.140Z] <<< [apiv2][status] GET https://firebase.googleapis.com/v1beta1/projects/wogelplanner 200
[debug] [2025-09-30T23:41:48.140Z] <<< [apiv2][body] GET https://firebase.googleapis.com/v1beta1/projects/wogelplanner {"projectId":"wogelplanner","projectNumber":"170036169635","displayName":"wogelplanner","name":"projects/wogelplanner","resources":{"hostingSite":"wogelplanner"},"state":"ACTIVE","etag":"1_2aab8243-97b9-46a8-905d-5d4160c969bd"}
[info] 
[info] Your public directory is the folder (relative to your project directory) that
[info] will contain Hosting assets to be uploaded with firebase deploy. If you
[info] have a build process for your assets, use your build's output directory.
[info] 
[debug] [2025-09-30T23:42:05.449Z] ExitPromptError: User force closed the prompt with SIGINT
    at Interface.sigint (/home/david/.nvm/versions/node/v22.15.0/lib/node_modules/firebase-tools/node_modules/@inquirer/core/dist/commonjs/lib/create-prompt.js:101:37)
    at Interface.emit (node:events:518:28)
    at Interface.emit (node:domain:489:12)
    at [_ttyWrite] [as _ttyWrite] (node:internal/readline/interface:1128:18)
    at ReadStream.onkeypress (node:internal/readline/interface:267:20)
    at ReadStream.emit (node:events:530:35)
    at ReadStream.emit (node:domain:489:12)
    at emitKeys (node:internal/readline/utils:370:14)
    at emitKeys.next (<anonymous>)
    at ReadStream.onData (node:internal/readline/emitKeypressEvents:64:36)
[error] 
[error] Error: An unexpected error has occurred.
[debug] [2025-09-30T23:42:09.422Z] ----------------------------------------------------------------------
[debug] [2025-09-30T23:42:09.427Z] Command:       /home/david/.nvm/versions/node/v22.15.0/bin/node /home/david/.nvm/versions/node/v22.15.0/bin/firebase init
[debug] [2025-09-30T23:42:09.428Z] CLI Version:   14.17.0
[debug] [2025-09-30T23:42:09.428Z] Platform:      linux
[debug] [2025-09-30T23:42:09.428Z] Node Version:  v22.15.0
[debug] [2025-09-30T23:42:09.428Z] Time:          Wed Oct 01 2025 01:42:09 GMT+0200 (Centraleuropæisk sommertid)
[debug] [2025-09-30T23:42:09.429Z] ----------------------------------------------------------------------
[debug] 
[debug] [2025-09-30T23:42:09.434Z] > command requires scopes: ["email","openid","https://www.googleapis.com/auth/cloudplatformprojects.readonly","https://www.googleapis.com/auth/firebase","https://www.googleapis.com/auth/cloud-platform"]
[debug] [2025-09-30T23:42:09.434Z] > authorizing via signed-in user (davidwogelius@gmail.com)
[info] 
     ######## #### ########  ######## ########     ###     ######  ########
     ##        ##  ##     ## ##       ##     ##  ##   ##  ##       ##
     ######    ##  ########  ######   ########  #########  ######  ######
     ##        ##  ##    ##  ##       ##     ## ##     ##       ## ##
     ##       #### ##     ## ######## ########  ##     ##  ######  ########

You're about to initialize a Firebase project in this directory:

  /home/david/projects/wogelplanner

[info] 
=== Project Setup
[info] 
[info] First, let's associate this project directory with a Firebase project.
[info] You can create multiple project aliases by running firebase use --add, 
[info] but for now we'll just set up a default project.
[info] 
[debug] [2025-09-30T23:42:29.437Z] Using project from CLI flag: wogelplanner
[debug] [2025-09-30T23:42:29.439Z] Checked if tokens are valid: true, expires at: 1759278662207
[debug] [2025-09-30T23:42:29.439Z] Checked if tokens are valid: true, expires at: 1759278662207
[debug] [2025-09-30T23:42:29.444Z] >>> [apiv2][query] GET https://firebase.googleapis.com/v1beta1/projects/wogelplanner [none]
[debug] [2025-09-30T23:42:30.319Z] <<< [apiv2][status] GET https://firebase.googleapis.com/v1beta1/projects/wogelplanner 200
[debug] [2025-09-30T23:42:30.320Z] <<< [apiv2][body] GET https://firebase.googleapis.com/v1beta1/projects/wogelplanner {"projectId":"wogelplanner","projectNumber":"170036169635","displayName":"wogelplanner","name":"projects/wogelplanner","resources":{"hostingSite":"wogelplanner"},"state":"ACTIVE","etag":"1_2aab8243-97b9-46a8-905d-5d4160c969bd"}
[info] i  Using project wogelplanner (wogelplanner) 
[info] 
=== Dataconnect Setup
[debug] [2025-09-30T23:42:30.333Z] Checked if tokens are valid: true, expires at: 1759278662207
[debug] [2025-09-30T23:42:30.333Z] Checked if tokens are valid: true, expires at: 1759278662207
[debug] [2025-09-30T23:42:30.334Z] >>> [apiv2][query] GET https://cloudbilling.googleapis.com/v1/projects/wogelplanner/billingInfo [none]
[debug] [2025-09-30T23:42:31.113Z] <<< [apiv2][status] GET https://cloudbilling.googleapis.com/v1/projects/wogelplanner/billingInfo 200
[debug] [2025-09-30T23:42:31.114Z] <<< [apiv2][body] GET https://cloudbilling.googleapis.com/v1/projects/wogelplanner/billingInfo {"name":"projects/wogelplanner/billingInfo","projectId":"wogelplanner","billingAccountName":"","billingEnabled":false}
[info] i  dataconnect: ensuring required API firebasedataconnect.googleapis.com is enabled... 
[info] i  dataconnect: ensuring required API sqladmin.googleapis.com is enabled... 
[debug] [2025-09-30T23:42:31.117Z] Checked if tokens are valid: true, expires at: 1759278662207
[debug] [2025-09-30T23:42:31.117Z] Checked if tokens are valid: true, expires at: 1759278662207
[debug] [2025-09-30T23:42:31.117Z] >>> [apiv2][query] GET https://firebasedataconnect.googleapis.com/v1/projects/wogelplanner/locations/-/services [none]
[debug] [2025-09-30T23:42:32.164Z] <<< [apiv2][status] GET https://firebasedataconnect.googleapis.com/v1/projects/wogelplanner/locations/-/services 200
[debug] [2025-09-30T23:42:32.165Z] <<< [apiv2][body] GET https://firebasedataconnect.googleapis.com/v1/projects/wogelplanner/locations/-/services {}
[info] ✔  dataconnect: Detected existing apps . (web) 
[debug] [2025-09-30T23:42:33.592Z] Checked if tokens are valid: true, expires at: 1759278662207
[debug] [2025-09-30T23:42:33.592Z] Checked if tokens are valid: true, expires at: 1759278662207
[debug] [2025-09-30T23:42:33.593Z] >>> [apiv2][query] GET https://firebasedataconnect.googleapis.com/v1/projects/wogelplanner/locations/us-central1/services/wogelplanner/schemas/main [none]
[debug] [2025-09-30T23:42:34.309Z] <<< [apiv2][status] GET https://firebasedataconnect.googleapis.com/v1/projects/wogelplanner/locations/us-central1/services/wogelplanner/schemas/main 404
[debug] [2025-09-30T23:42:34.310Z] <<< [apiv2][body] GET https://firebasedataconnect.googleapis.com/v1/projects/wogelplanner/locations/us-central1/services/wogelplanner/schemas/main {"error":{"code":404,"message":"Resource 'projects/wogelplanner/locations/us-central1/services/wogelplanner/schemas/main' was not found","status":"NOT_FOUND","details":[{"@type":"type.googleapis.com/google.rpc.ResourceInfo","resourceName":"projects/wogelplanner/locations/us-central1/services/wogelplanner/schemas/main"}]}}
[info] i  dataconnect/dataconnect.yaml is unchanged 
[info] i  dataconnect/schema/schema.gql is unchanged 
[info] ✔  Wrote dataconnect/example/connector.yaml 
[info] i  dataconnect/example/queries.gql is unchanged 
[info] i  dataconnect/example/mutations.gql is unchanged 
[info] ✔  Wrote dataconnect/example/connector.yaml 
[info] i  dataconnect: Installing the generated SDKs ... 
[debug] [2025-09-30T23:42:35.486Z] defaultcredentials: writing to file /home/david/.config/firebase/davidwogelius_gmail_com_application_default_credentials.json
[info] ✔  dataconnect: Installed generated SDKs for . (web) 
[info] i  Visit https://firebase.google.com/docs/data-connect/web-sdk#react for more information on how to set up React Generated SDKs for Firebase Data Connect 
[info] 
=== Firestore Setup
[info] i  firestore: ensuring required API firestore.googleapis.com is enabled... 
[debug] [2025-09-30T23:42:35.596Z] Checked if tokens are valid: true, expires at: 1759278662207
[debug] [2025-09-30T23:42:35.596Z] Checked if tokens are valid: true, expires at: 1759278662207
[debug] [2025-09-30T23:42:35.596Z] >>> [apiv2][query] GET https://firestore.googleapis.com/v1/projects/wogelplanner/databases [none]
[debug] [2025-09-30T23:42:36.192Z] <<< [apiv2][status] GET https://firestore.googleapis.com/v1/projects/wogelplanner/databases 200
[debug] [2025-09-30T23:42:36.192Z] <<< [apiv2][body] GET https://firestore.googleapis.com/v1/projects/wogelplanner/databases {}
[debug] [2025-09-30T23:42:36.193Z] Checked if tokens are valid: true, expires at: 1759278662207
[debug] [2025-09-30T23:42:36.193Z] Checked if tokens are valid: true, expires at: 1759278662207
[debug] [2025-09-30T23:42:36.193Z] >>> [apiv2][query] GET https://firestore.googleapis.com/v1/projects/wogelplanner/locations [none]
[debug] [2025-09-30T23:42:36.304Z] <<< [apiv2][status] GET https://firestore.googleapis.com/v1/projects/wogelplanner/locations 200
[debug] [2025-09-30T23:42:36.305Z] <<< [apiv2][body] GET https://firestore.googleapis.com/v1/projects/wogelplanner/locations {"locations":[{"name":"projects/wogelplanner/locations/eur3","labels":{"appengine.googleapis.com/geo":"europe-west","cloud.googleapis.com/location":"eur3","cloud.googleapis.com/geo":"eur3"},"metadata":{"@type":"type.googleapis.com/google.firestore.admin.v1.LocationMetadata"},"locationId":"eur3","displayName":"Europe"},{"name":"projects/wogelplanner/locations/nam5","labels":{"appengine.googleapis.com/geo":"us-central","cloud.googleapis.com/location":"nam5","cloud.googleapis.com/geo":"nam5"},"metadata":{"@type":"type.googleapis.com/google.firestore.admin.v1.LocationMetadata"},"locationId":"nam5","displayName":"United States"},{"name":"projects/wogelplanner/locations/nam7","labels":{"cloud.googleapis.com/location":"nam7","cloud.googleapis.com/geo":"nam7"},"metadata":{"@type":"type.googleapis.com/google.firestore.admin.v1.LocationMetadata"},"locationId":"nam7","displayName":"United States"},{"name":"projects/wogelplanner/locations/africa-south1","labels":{"cloud.googleapis.com/location":"africa-south1","cloud.googleapis.com/region":"africa-south1"},"metadata":{"@type":"type.googleapis.com/google.firestore.admin.v1.LocationMetadata"},"locationId":"africa-south1","displayName":"Johannesburg"},{"name":"projects/wogelplanner/locations/asia-east1","labels":{"appengine.googleapis.com/region":"asia-east1","cloud.googleapis.com/location":"asia-east1","cloud.googleapis.com/region":"asia-east1"},"metadata":{"@type":"type.googleapis.com/google.firestore.admin.v1.LocationMetadata"},"locationId":"asia-east1","displayName":"Taiwan"},{"name":"projects/wogelplanner/locations/asia-east2","labels":{"appengine.googleapis.com/region":"asia-east2","cloud.googleapis.com/location":"asia-east2","cloud.googleapis.com/region":"asia-east2"},"metadata":{"@type":"type.googleapis.com/google.firestore.admin.v1.LocationMetadata"},"locationId":"asia-east2","displayName":"Hong Kong"},{"name":"projects/wogelplanner/locations/asia-northeast1","labels":{"appengine.googleapis.com/region":"asia-northeast1","cloud.googleapis.com/location":"asia-northeast1","cloud.googleapis.com/region":"asia-northeast1"},"metadata":{"@type":"type.googleapis.com/google.firestore.admin.v1.LocationMetadata"},"locationId":"asia-northeast1","displayName":"Tokyo"},{"name":"projects/wogelplanner/locations/asia-northeast2","labels":{"appengine.googleapis.com/region":"asia-northeast2","cloud.googleapis.com/location":"asia-northeast2","cloud.googleapis.com/region":"asia-northeast2"},"metadata":{"@type":"type.googleapis.com/google.firestore.admin.v1.LocationMetadata"},"locationId":"asia-northeast2","displayName":"Osaka"},{"name":"projects/wogelplanner/locations/asia-northeast3","labels":{"appengine.googleapis.com/region":"asia-northeast3","cloud.googleapis.com/location":"asia-northeast3","cloud.googleapis.com/region":"asia-northeast3"},"metadata":{"@type":"type.googleapis.com/google.firestore.admin.v1.LocationMetadata"},"locationId":"asia-northeast3","displayName":"Seoul"},{"name":"projects/wogelplanner/locations/asia-south1","labels":{"appengine.googleapis.com/region":"asia-south1","cloud.googleapis.com/location":"asia-south1","cloud.googleapis.com/region":"asia-south1"},"metadata":{"@type":"type.googleapis.com/google.firestore.admin.v1.LocationMetadata"},"locationId":"asia-south1","displayName":"Mumbai"},{"name":"projects/wogelplanner/locations/asia-south2","labels":{"cloud.googleapis.com/location":"asia-south2","cloud.googleapis.com/region":"asia-south2"},"metadata":{"@type":"type.googleapis.com/google.firestore.admin.v1.LocationMetadata"},"locationId":"asia-south2","displayName":"Delhi"},{"name":"projects/wogelplanner/locations/asia-southeast1","labels":{"appengine.googleapis.com/region":"asia-southeast1","cloud.googleapis.com/location":"asia-southeast1","cloud.googleapis.com/region":"asia-southeast1"},"metadata":{"@type":"type.googleapis.com/google.firestore.admin.v1.LocationMetadata"},"locationId":"asia-southeast1","displayName":"Singapore"},{"name":"projects/wogelplanner/locations/asia-southeast2","labels":{"appengine.googleapis.com/region":"asia-southeast2","cloud.googleapis.com/location":"asia-southeast2","cloud.googleapis.com/region":"asia-southeast2"},"metadata":{"@type":"type.googleapis.com/google.firestore.admin.v1.LocationMetadata"},"locationId":"asia-southeast2","displayName":"Jakarta"},{"name":"projects/wogelplanner/locations/australia-southeast1","labels":{"appengine.googleapis.com/region":"australia-southeast1","cloud.googleapis.com/location":"australia-southeast1","cloud.googleapis.com/region":"australia-southeast1"},"metadata":{"@type":"type.googleapis.com/google.firestore.admin.v1.LocationMetadata"},"locationId":"australia-southeast1","displayName":"Sydney"},{"name":"projects/wogelplanner/locations/australia-southeast2","labels":{"cloud.googleapis.com/location":"australia-southeast2","cloud.googleapis.com/region":"australia-southeast2"},"metadata":{"@type":"type.googleapis.com/google.firestore.admin.v1.LocationMetadata"},"locationId":"australia-southeast2","displayName":"Melbourne"},{"name":"projects/wogelplanner/locations/europe-central2","labels":{"appengine.googleapis.com/region":"europe-central2","cloud.googleapis.com/location":"europe-central2","cloud.googleapis.com/region":"europe-central2"},"metadata":{"@type":"type.googleapis.com/google.firestore.admin.v1.LocationMetadata"},"locationId":"europe-central2","displayName":"Warsaw"},{"name":"projects/wogelplanner/locations/europe-north1","labels":{"cloud.googleapis.com/location":"europe-north1","cloud.googleapis.com/region":"europe-north1"},"metadata":{"@type":"type.googleapis.com/google.firestore.admin.v1.LocationMetadata"},"locationId":"europe-north1","displayName":"Finland"},{"name":"projects/wogelplanner/locations/europe-north2","labels":{"cloud.googleapis.com/location":"europe-north2","cloud.googleapis.com/region":"europe-north2"},"metadata":{"@type":"type.googleapis.com/google.firestore.admin.v1.LocationMetadata"},"locationId":"europe-north2","displayName":"Stockholm"},{"name":"projects/wogelplanner/locations/europe-southwest1","labels":{"cloud.googleapis.com/location":"europe-southwest1","cloud.googleapis.com/region":"europe-southwest1"},"metadata":{"@type":"type.googleapis.com/google.firestore.admin.v1.LocationMetadata"},"locationId":"europe-southwest1","displayName":"Madrid"},{"name":"projects/wogelplanner/locations/europe-west1","labels":{"cloud.googleapis.com/location":"europe-west1","cloud.googleapis.com/region":"europe-west1"},"metadata":{"@type":"type.googleapis.com/google.firestore.admin.v1.LocationMetadata"},"locationId":"europe-west1","displayName":"Belgium"},{"name":"projects/wogelplanner/locations/europe-west10","labels":{"cloud.googleapis.com/location":"europe-west10","cloud.googleapis.com/region":"europe-west10"},"metadata":{"@type":"type.googleapis.com/google.firestore.admin.v1.LocationMetadata"},"locationId":"europe-west10","displayName":"Berlin"},{"name":"projects/wogelplanner/locations/europe-west12","labels":{"cloud.googleapis.com/location":"europe-west12","cloud.googleapis.com/region":"europe-west12"},"metadata":{"@type":"type.googleapis.com/google.firestore.admin.v1.LocationMetadata"},"locationId":"europe-west12","displayName":"Turin"},{"name":"projects/wogelplanner/locations/europe-west2","labels":{"appengine.googleapis.com/region":"europe-west2","cloud.googleapis.com/location":"europe-west2","cloud.googleapis.com/region":"europe-west2"},"metadata":{"@type":"type.googleapis.com/google.firestore.admin.v1.LocationMetadata"},"locationId":"europe-west2","displayName":"London"},{"name":"projects/wogelplanner/locations/europe-west3","labels":{"appengine.googleapis.com/region":"europe-west3","cloud.googleapis.com/location":"europe-west3","cloud.googleapis.com/region":"europe-west3"},"metadata":{"@type":"type.googleapis.com/google.firestore.admin.v1.LocationMetadata"},"locationId":"europe-west3","displayName":"Frankfurt"},{"name":"projects/wogelplanner/locations/europe-west4","labels":{"cloud.googleapis.com/location":"europe-west4","cloud.googleapis.com/region":"europe-west4"},"metadata":{"@type":"type.googleapis.com/google.firestore.admin.v1.LocationMetadata"},"locationId":"europe-west4","displayName":"Netherlands"},{"name":"projects/wogelplanner/locations/europe-west6","labels":{"appengine.googleapis.com/region":"europe-west6","cloud.googleapis.com/location":"europe-west6","cloud.googleapis.com/region":"europe-west6"},"metadata":{"@type":"type.googleapis.com/google.firestore.admin.v1.LocationMetadata"},"locationId":"europe-west6","displayName":"Zurich"},{"name":"projects/wogelplanner/locations/europe-west8","labels":{"cloud.googleapis.com/location":"europe-west8","cloud.googleapis.com/region":"europe-west8"},"metadata":{"@type":"type.googleapis.com/google.firestore.admin.v1.LocationMetadata"},"locationId":"europe-west8","displayName":"Milan"},{"name":"projects/wogelplanner/locations/europe-west9","labels":{"cloud.googleapis.com/location":"europe-west9","cloud.googleapis.com/region":"europe-west9"},"metadata":{"@type":"type.googleapis.com/google.firestore.admin.v1.LocationMetadata"},"locationId":"europe-west9","displayName":"Paris"},{"name":"projects/wogelplanner/locations/me-central1","labels":{"cloud.googleapis.com/location":"me-central1","cloud.googleapis.com/region":"me-central1"},"metadata":{"@type":"type.googleapis.com/google.firestore.admin.v1.LocationMetadata"},"locationId":"me-central1","displayName":"Doha"},{"name":"projects/wogelplanner/locations/me-central2","labels":{"cloud.googleapis.com/location":"me-central2","cloud.googleapis.com/region":"me-central2"},"metadata":{"@type":"type.googleapis.com/google.firestore.admin.v1.LocationMetadata"},"locationId":"me-central2","displayName":"Dammam"},{"name":"projects/wogelplanner/locations/me-west1","labels":{"cloud.googleapis.com/location":"me-west1","cloud.googleapis.com/region":"me-west1"},"metadata":{"@type":"type.googleapis.com/google.firestore.admin.v1.LocationMetadata"},"locationId":"me-west1","displayName":"Tel Aviv"},{"name":"projects/wogelplanner/locations/northamerica-northeast1","labels":{"appengine.googleapis.com/region":"northamerica-northeast1","cloud.googleapis.com/location":"northamerica-northeast1","cloud.googleapis.com/region":"northamerica-northeast1"},"metadata":{"@type":"type.googleapis.com/google.firestore.admin.v1.LocationMetadata"},"locationId":"northamerica-northeast1","displayName":"Montréal"},{"name":"projects/wogelplanner/locations/northamerica-northeast2","labels":{"cloud.googleapis.com/location":"northamerica-northeast2","cloud.googleapis.com/region":"northamerica-northeast2"},"metadata":{"@type":"type.googleapis.com/google.firestore.admin.v1.LocationMetadata"},"locationId":"northamerica-northeast2","displayName":"Toronto"},{"name":"projects/wogelplanner/locations/northamerica-south1","labels":{"cloud.googleapis.com/location":"northamerica-south1","cloud.googleapis.com/region":"northamerica-south1"},"metadata":{"@type":"type.googleapis.com/google.firestore.admin.v1.LocationMetadata"},"locationId":"northamerica-south1","displayName":"Mexico"},{"name":"projects/wogelplanner/locations/southamerica-east1","labels":{"appengine.googleapis.com/region":"southamerica-east1","cloud.googleapis.com/location":"southamerica-east1","cloud.googleapis.com/region":"southamerica-east1"},"metadata":{"@type":"type.googleapis.com/google.firestore.admin.v1.LocationMetadata"},"locationId":"southamerica-east1","displayName":"São Paulo"},{"name":"projects/wogelplanner/locations/southamerica-west1","labels":{"cloud.googleapis.com/location":"southamerica-west1","cloud.googleapis.com/region":"southamerica-west1"},"metadata":{"@type":"type.googleapis.com/google.firestore.admin.v1.LocationMetadata"},"locationId":"southamerica-west1","displayName":"Santiago"},{"name":"projects/wogelplanner/locations/us-central1","labels":{"cloud.googleapis.com/location":"us-central1","cloud.googleapis.com/region":"us-central1"},"metadata":{"@type":"type.googleapis.com/google.firestore.admin.v1.LocationMetadata"},"locationId":"us-central1","displayName":"Iowa"},{"name":"projects/wogelplanner/locations/us-east1","labels":{"appengine.googleapis.com/region":"us-east1","cloud.googleapis.com/location":"us-east1","cloud.googleapis.com/region":"us-east1"},"metadata":{"@type":"type.googleapis.com/google.firestore.admin.v1.LocationMetadata"},"locationId":"us-east1","displayName":"South Carolina"},{"name":"projects/wogelplanner/locations/us-east4","labels":{"appengine.googleapis.com/region":"us-east4","cloud.googleapis.com/location":"us-east4","cloud.googleapis.com/region":"us-east4"},"metadata":{"@type":"type.googleapis.com/google.firestore.admin.v1.LocationMetadata"},"locationId":"us-east4","displayName":"Northern Virginia"},{"name":"projects/wogelplanner/locations/us-east5","labels":{"cloud.googleapis.com/location":"us-east5","cloud.googleapis.com/region":"us-east5"},"metadata":{"@type":"type.googleapis.com/google.firestore.admin.v1.LocationMetadata"},"locationId":"us-east5","displayName":"Columbus"},{"name":"projects/wogelplanner/locations/us-south1","labels":{"cloud.googleapis.com/location":"us-south1","cloud.googleapis.com/region":"us-south1"},"metadata":{"@type":"type.googleapis.com/google.firestore.admin.v1.LocationMetadata"},"locationId":"us-south1","displayName":"Dallas"},{"name":"projects/wogelplanner/locations/us-west1","labels":{"appengine.googleapis.com/region":"us-west1","cloud.googleapis.com/location":"us-west1","cloud.googleapis.com/region":"us-west1"},"metadata":{"@type":"type.googleapis.com/google.firestore.admin.v1.LocationMetadata"},"locationId":"us-west1","displayName":"Oregon"},{"name":"projects/wogelplanner/locations/us-west2","labels":{"appengine.googleapis.com/region":"us-west2","cloud.googleapis.com/location":"us-west2","cloud.googleapis.com/region":"us-west2"},"metadata":{"@type":"type.googleapis.com/google.firestore.admin.v1.LocationMetadata"},"locationId":"us-west2","displayName":"Los Angeles"},{"name":"projects/wogelplanner/locations/us-west3","labels":{"appengine.googleapis.com/region":"us-west3","cloud.googleapis.com/location":"us-west3","cloud.googleapis.com/region":"us-west3"},"metadata":{"@type":"type.googleapis.com/google.firestore.admin.v1.LocationMetadata"},"locationId":"us-west3","displayName":"Salt Lake City"},{"name":"projects/wogelplanner/locations/us-west4","labels":{"appengine.googleapis.com/region":"us-west4","cloud.googleapis.com/location":"us-west4","cloud.googleapis.com/region":"us-west4"},"metadata":{"@type":"type.googleapis.com/google.firestore.admin.v1.LocationMetadata"},"locationId":"us-west4","displayName":"Las Vegas"}]}
[info] 
[info] Firestore Security Rules allow you to define how and when to allow
[info] requests. You can keep these rules in your project directory
[info] and publish them with firebase deploy.
[info] 
[debug] [2025-09-30T23:42:39.163Z] Checked if tokens are valid: true, expires at: 1759278662207
[debug] [2025-09-30T23:42:39.163Z] Checked if tokens are valid: true, expires at: 1759278662207
[debug] [2025-09-30T23:42:39.163Z] >>> [apiv2][query] GET https://firebaserules.googleapis.com/v1/projects/wogelplanner/releases pageSize=10&pageToken=
[debug] [2025-09-30T23:42:40.069Z] <<< [apiv2][status] GET https://firebaserules.googleapis.com/v1/projects/wogelplanner/releases 200
[debug] [2025-09-30T23:42:40.070Z] <<< [apiv2][body] GET https://firebaserules.googleapis.com/v1/projects/wogelplanner/releases {}
[info] i  firestore.rules is unchanged 
[info] 
[info] Firestore indexes allow you to perform complex queries while
[info] maintaining performance that scales with the size of the result
[info] set. You can keep index definitions in your project directory
[info] and publish them with firebase deploy.
[info] 
[debug] [2025-09-30T23:42:41.243Z] Checked if tokens are valid: true, expires at: 1759278662207
[debug] [2025-09-30T23:42:41.244Z] Checked if tokens are valid: true, expires at: 1759278662207
[debug] [2025-09-30T23:42:41.244Z] Checked if tokens are valid: true, expires at: 1759278662207
[debug] [2025-09-30T23:42:41.244Z] Checked if tokens are valid: true, expires at: 1759278662207
[debug] [2025-09-30T23:42:41.244Z] >>> [apiv2][query] GET https://firestore.googleapis.com/v1/projects/wogelplanner/databases/(default)/collectionGroups/-/indexes [none]
[debug] [2025-09-30T23:42:41.245Z] >>> [apiv2][query] GET https://firestore.googleapis.com/v1/projects/wogelplanner/databases/(default)/collectionGroups/-/fields?filter=indexConfig.usesAncestorConfig=false OR ttlConfig:* [none]
[debug] [2025-09-30T23:42:41.356Z] <<< [apiv2][status] GET https://firestore.googleapis.com/v1/projects/wogelplanner/databases/(default)/collectionGroups/-/indexes 404
[debug] [2025-09-30T23:42:41.356Z] <<< [apiv2][body] GET https://firestore.googleapis.com/v1/projects/wogelplanner/databases/(default)/collectionGroups/-/indexes {"error":{"code":404,"message":"Project 'wogelplanner' or database '(default)' does not exist.","status":"NOT_FOUND"}}
[info] i  firestore.indexes.json is unchanged 
[info] ✔  Wrote firestore.indexes.json 
[info] 
=== Hosting Setup
[debug] [2025-09-30T23:42:41.359Z] Checked if tokens are valid: true, expires at: 1759278662207
[debug] [2025-09-30T23:42:41.359Z] Checked if tokens are valid: true, expires at: 1759278662207
[debug] [2025-09-30T23:42:41.360Z] >>> [apiv2][query] GET https://firebase.googleapis.com/v1beta1/projects/wogelplanner [none]
[debug] [2025-09-30T23:42:41.576Z] <<< [apiv2][status] GET https://firestore.googleapis.com/v1/projects/wogelplanner/databases/(default)/collectionGroups/-/fields?filter=indexConfig.usesAncestorConfig=false OR ttlConfig:* 404
[debug] [2025-09-30T23:42:41.576Z] <<< [apiv2][body] GET https://firestore.googleapis.com/v1/projects/wogelplanner/databases/(default)/collectionGroups/-/fields?filter=indexConfig.usesAncestorConfig=false OR ttlConfig:* {"error":{"code":404,"message":"Project 'wogelplanner' or database '(default)' does not exist.","status":"NOT_FOUND"}}
[debug] [2025-09-30T23:42:41.641Z] <<< [apiv2][status] GET https://firebase.googleapis.com/v1beta1/projects/wogelplanner 200
[debug] [2025-09-30T23:42:41.641Z] <<< [apiv2][body] GET https://firebase.googleapis.com/v1beta1/projects/wogelplanner {"projectId":"wogelplanner","projectNumber":"170036169635","displayName":"wogelplanner","name":"projects/wogelplanner","resources":{"hostingSite":"wogelplanner"},"state":"ACTIVE","etag":"1_2aab8243-97b9-46a8-905d-5d4160c969bd"}
[info] 
[info] Your public directory is the folder (relative to your project directory) that
[info] will contain Hosting assets to be uploaded with firebase deploy. If you
[info] have a build process for your assets, use your build's output directory.
[info] 
[debug] [2025-09-30T23:52:26.191Z] ExitPromptError: User force closed the prompt with SIGINT
    at Interface.sigint (/home/david/.nvm/versions/node/v22.15.0/lib/node_modules/firebase-tools/node_modules/@inquirer/core/dist/commonjs/lib/create-prompt.js:101:37)
    at Interface.emit (node:events:518:28)
    at Interface.emit (node:domain:489:12)
    at [_ttyWrite] [as _ttyWrite] (node:internal/readline/interface:1128:18)
    at ReadStream.onkeypress (node:internal/readline/interface:267:20)
    at ReadStream.emit (node:events:530:35)
    at ReadStream.emit (node:domain:489:12)
    at emitKeys (node:internal/readline/utils:370:14)
    at emitKeys.next (<anonymous>)
    at ReadStream.onData (node:internal/readline/emitKeypressEvents:64:36)
[error] 
[error] Error: An unexpected error has occurred.
[debug] [2025-09-30T23:52:31.122Z] ----------------------------------------------------------------------
[debug] [2025-09-30T23:52:31.124Z] Command:       /home/david/.nvm/versions/node/v22.15.0/bin/node /home/david/.nvm/versions/node/v22.15.0/bin/firebase init
[debug] [2025-09-30T23:52:31.125Z] CLI Version:   14.17.0
[debug] [2025-09-30T23:52:31.125Z] Platform:      linux
[debug] [2025-09-30T23:52:31.125Z] Node Version:  v22.15.0
[debug] [2025-09-30T23:52:31.125Z] Time:          Wed Oct 01 2025 01:52:31 GMT+0200 (Centraleuropæisk sommertid)
[debug] [2025-09-30T23:52:31.125Z] ----------------------------------------------------------------------
[debug] 
[debug] [2025-09-30T23:52:31.131Z] > command requires scopes: ["email","openid","https://www.googleapis.com/auth/cloudplatformprojects.readonly","https://www.googleapis.com/auth/firebase","https://www.googleapis.com/auth/cloud-platform"]
[debug] [2025-09-30T23:52:31.131Z] > authorizing via signed-in user (davidwogelius@gmail.com)
[info] 
     ######## #### ########  ######## ########     ###     ######  ########
     ##        ##  ##     ## ##       ##     ##  ##   ##  ##       ##
     ######    ##  ########  ######   ########  #########  ######  ######
     ##        ##  ##    ##  ##       ##     ## ##     ##       ## ##
     ##       #### ##     ## ######## ########  ##     ##  ######  ########

You're about to initialize a Firebase project in this directory:

  /home/david/projects/wogelplanner

[info] 
=== Project Setup
[info] 
[info] First, let's associate this project directory with a Firebase project.
[info] You can create multiple project aliases by running firebase use --add, 
[info] but for now we'll just set up a default project.
[info] 
[debug] [2025-09-30T23:52:46.485Z] Using project from CLI flag: wogelplanner
[debug] [2025-09-30T23:52:46.487Z] Checked if tokens are valid: true, expires at: 1759278662207
[debug] [2025-09-30T23:52:46.487Z] Checked if tokens are valid: true, expires at: 1759278662207
[debug] [2025-09-30T23:52:46.490Z] >>> [apiv2][query] GET https://firebase.googleapis.com/v1beta1/projects/wogelplanner [none]
[debug] [2025-09-30T23:52:46.894Z] <<< [apiv2][status] GET https://firebase.googleapis.com/v1beta1/projects/wogelplanner 200
[debug] [2025-09-30T23:52:46.895Z] <<< [apiv2][body] GET https://firebase.googleapis.com/v1beta1/projects/wogelplanner {"projectId":"wogelplanner","projectNumber":"170036169635","displayName":"wogelplanner","name":"projects/wogelplanner","resources":{"hostingSite":"wogelplanner"},"state":"ACTIVE","etag":"1_2aab8243-97b9-46a8-905d-5d4160c969bd"}
[info] i  Using project wogelplanner (wogelplanner) 
[info] 
=== Dataconnect Setup
[debug] [2025-09-30T23:52:46.910Z] Checked if tokens are valid: true, expires at: 1759278662207
[debug] [2025-09-30T23:52:46.910Z] Checked if tokens are valid: true, expires at: 1759278662207
[debug] [2025-09-30T23:52:46.910Z] >>> [apiv2][query] GET https://cloudbilling.googleapis.com/v1/projects/wogelplanner/billingInfo [none]
[debug] [2025-09-30T23:52:47.509Z] <<< [apiv2][status] GET https://cloudbilling.googleapis.com/v1/projects/wogelplanner/billingInfo 200
[debug] [2025-09-30T23:52:47.509Z] <<< [apiv2][body] GET https://cloudbilling.googleapis.com/v1/projects/wogelplanner/billingInfo {"name":"projects/wogelplanner/billingInfo","projectId":"wogelplanner","billingAccountName":"","billingEnabled":false}
[info] i  dataconnect: ensuring required API firebasedataconnect.googleapis.com is enabled... 
[info] i  dataconnect: ensuring required API sqladmin.googleapis.com is enabled... 
[debug] [2025-09-30T23:52:47.511Z] Checked if tokens are valid: true, expires at: 1759278662207
[debug] [2025-09-30T23:52:47.511Z] Checked if tokens are valid: true, expires at: 1759278662207
[debug] [2025-09-30T23:52:47.511Z] >>> [apiv2][query] GET https://firebasedataconnect.googleapis.com/v1/projects/wogelplanner/locations/-/services [none]
[debug] [2025-09-30T23:52:48.594Z] <<< [apiv2][status] GET https://firebasedataconnect.googleapis.com/v1/projects/wogelplanner/locations/-/services 200
[debug] [2025-09-30T23:52:48.595Z] <<< [apiv2][body] GET https://firebasedataconnect.googleapis.com/v1/projects/wogelplanner/locations/-/services {}
[info] ✔  dataconnect: Detected existing apps . (web) 
[debug] [2025-09-30T23:52:49.853Z] Checked if tokens are valid: true, expires at: 1759278662207
[debug] [2025-09-30T23:52:49.853Z] Checked if tokens are valid: true, expires at: 1759278662207
[debug] [2025-09-30T23:52:49.854Z] >>> [apiv2][query] GET https://firebasedataconnect.googleapis.com/v1/projects/wogelplanner/locations/us-central1/services/wogelplanner/schemas/main [none]
[debug] [2025-09-30T23:52:50.569Z] <<< [apiv2][status] GET https://firebasedataconnect.googleapis.com/v1/projects/wogelplanner/locations/us-central1/services/wogelplanner/schemas/main 404
[debug] [2025-09-30T23:52:50.570Z] <<< [apiv2][body] GET https://firebasedataconnect.googleapis.com/v1/projects/wogelplanner/locations/us-central1/services/wogelplanner/schemas/main {"error":{"code":404,"message":"Resource 'projects/wogelplanner/locations/us-central1/services/wogelplanner/schemas/main' was not found","status":"NOT_FOUND","details":[{"@type":"type.googleapis.com/google.rpc.ResourceInfo","resourceName":"projects/wogelplanner/locations/us-central1/services/wogelplanner/schemas/main"}]}}
[info] i  dataconnect/dataconnect.yaml is unchanged 
[info] i  dataconnect/schema/schema.gql is unchanged 
[info] ✔  Wrote dataconnect/example/connector.yaml 
[info] i  dataconnect/example/queries.gql is unchanged 
[info] i  dataconnect/example/mutations.gql is unchanged 
[info] ✔  Wrote dataconnect/example/connector.yaml 
[info] i  dataconnect: Installing the generated SDKs ... 
[debug] [2025-09-30T23:52:53.427Z] defaultcredentials: writing to file /home/david/.config/firebase/davidwogelius_gmail_com_application_default_credentials.json
[info] ✔  dataconnect: Installed generated SDKs for . (web) 
[info] i  Visit https://firebase.google.com/docs/data-connect/web-sdk#react for more information on how to set up React Generated SDKs for Firebase Data Connect 
[info] 
=== Firestore Setup
[info] i  firestore: ensuring required API firestore.googleapis.com is enabled... 
[debug] [2025-09-30T23:52:53.521Z] Checked if tokens are valid: true, expires at: 1759278662207
[debug] [2025-09-30T23:52:53.522Z] Checked if tokens are valid: true, expires at: 1759278662207
[debug] [2025-09-30T23:52:53.522Z] >>> [apiv2][query] GET https://firestore.googleapis.com/v1/projects/wogelplanner/databases [none]
[debug] [2025-09-30T23:52:54.199Z] <<< [apiv2][status] GET https://firestore.googleapis.com/v1/projects/wogelplanner/databases 200
[debug] [2025-09-30T23:52:54.199Z] <<< [apiv2][body] GET https://firestore.googleapis.com/v1/projects/wogelplanner/databases {}
[debug] [2025-09-30T23:52:54.199Z] Checked if tokens are valid: true, expires at: 1759278662207
[debug] [2025-09-30T23:52:54.199Z] Checked if tokens are valid: true, expires at: 1759278662207
[debug] [2025-09-30T23:52:54.200Z] >>> [apiv2][query] GET https://firestore.googleapis.com/v1/projects/wogelplanner/locations [none]
[debug] [2025-09-30T23:52:54.322Z] <<< [apiv2][status] GET https://firestore.googleapis.com/v1/projects/wogelplanner/locations 200
[debug] [2025-09-30T23:52:54.322Z] <<< [apiv2][body] GET https://firestore.googleapis.com/v1/projects/wogelplanner/locations {"locations":[{"name":"projects/wogelplanner/locations/eur3","labels":{"appengine.googleapis.com/geo":"europe-west","cloud.googleapis.com/location":"eur3","cloud.googleapis.com/geo":"eur3"},"metadata":{"@type":"type.googleapis.com/google.firestore.admin.v1.LocationMetadata"},"locationId":"eur3","displayName":"Europe"},{"name":"projects/wogelplanner/locations/nam5","labels":{"appengine.googleapis.com/geo":"us-central","cloud.googleapis.com/location":"nam5","cloud.googleapis.com/geo":"nam5"},"metadata":{"@type":"type.googleapis.com/google.firestore.admin.v1.LocationMetadata"},"locationId":"nam5","displayName":"United States"},{"name":"projects/wogelplanner/locations/nam7","labels":{"cloud.googleapis.com/location":"nam7","cloud.googleapis.com/geo":"nam7"},"metadata":{"@type":"type.googleapis.com/google.firestore.admin.v1.LocationMetadata"},"locationId":"nam7","displayName":"United States"},{"name":"projects/wogelplanner/locations/africa-south1","labels":{"cloud.googleapis.com/location":"africa-south1","cloud.googleapis.com/region":"africa-south1"},"metadata":{"@type":"type.googleapis.com/google.firestore.admin.v1.LocationMetadata"},"locationId":"africa-south1","displayName":"Johannesburg"},{"name":"projects/wogelplanner/locations/asia-east1","labels":{"appengine.googleapis.com/region":"asia-east1","cloud.googleapis.com/location":"asia-east1","cloud.googleapis.com/region":"asia-east1"},"metadata":{"@type":"type.googleapis.com/google.firestore.admin.v1.LocationMetadata"},"locationId":"asia-east1","displayName":"Taiwan"},{"name":"projects/wogelplanner/locations/asia-east2","labels":{"appengine.googleapis.com/region":"asia-east2","cloud.googleapis.com/location":"asia-east2","cloud.googleapis.com/region":"asia-east2"},"metadata":{"@type":"type.googleapis.com/google.firestore.admin.v1.LocationMetadata"},"locationId":"asia-east2","displayName":"Hong Kong"},{"name":"projects/wogelplanner/locations/asia-northeast1","labels":{"appengine.googleapis.com/region":"asia-northeast1","cloud.googleapis.com/location":"asia-northeast1","cloud.googleapis.com/region":"asia-northeast1"},"metadata":{"@type":"type.googleapis.com/google.firestore.admin.v1.LocationMetadata"},"locationId":"asia-northeast1","displayName":"Tokyo"},{"name":"projects/wogelplanner/locations/asia-northeast2","labels":{"appengine.googleapis.com/region":"asia-northeast2","cloud.googleapis.com/location":"asia-northeast2","cloud.googleapis.com/region":"asia-northeast2"},"metadata":{"@type":"type.googleapis.com/google.firestore.admin.v1.LocationMetadata"},"locationId":"asia-northeast2","displayName":"Osaka"},{"name":"projects/wogelplanner/locations/asia-northeast3","labels":{"appengine.googleapis.com/region":"asia-northeast3","cloud.googleapis.com/location":"asia-northeast3","cloud.googleapis.com/region":"asia-northeast3"},"metadata":{"@type":"type.googleapis.com/google.firestore.admin.v1.LocationMetadata"},"locationId":"asia-northeast3","displayName":"Seoul"},{"name":"projects/wogelplanner/locations/asia-south1","labels":{"appengine.googleapis.com/region":"asia-south1","cloud.googleapis.com/location":"asia-south1","cloud.googleapis.com/region":"asia-south1"},"metadata":{"@type":"type.googleapis.com/google.firestore.admin.v1.LocationMetadata"},"locationId":"asia-south1","displayName":"Mumbai"},{"name":"projects/wogelplanner/locations/asia-south2","labels":{"cloud.googleapis.com/location":"asia-south2","cloud.googleapis.com/region":"asia-south2"},"metadata":{"@type":"type.googleapis.com/google.firestore.admin.v1.LocationMetadata"},"locationId":"asia-south2","displayName":"Delhi"},{"name":"projects/wogelplanner/locations/asia-southeast1","labels":{"appengine.googleapis.com/region":"asia-southeast1","cloud.googleapis.com/location":"asia-southeast1","cloud.googleapis.com/region":"asia-southeast1"},"metadata":{"@type":"type.googleapis.com/google.firestore.admin.v1.LocationMetadata"},"locationId":"asia-southeast1","displayName":"Singapore"},{"name":"projects/wogelplanner/locations/asia-southeast2","labels":{"appengine.googleapis.com/region":"asia-southeast2","cloud.googleapis.com/location":"asia-southeast2","cloud.googleapis.com/region":"asia-southeast2"},"metadata":{"@type":"type.googleapis.com/google.firestore.admin.v1.LocationMetadata"},"locationId":"asia-southeast2","displayName":"Jakarta"},{"name":"projects/wogelplanner/locations/australia-southeast1","labels":{"appengine.googleapis.com/region":"australia-southeast1","cloud.googleapis.com/location":"australia-southeast1","cloud.googleapis.com/region":"australia-southeast1"},"metadata":{"@type":"type.googleapis.com/google.firestore.admin.v1.LocationMetadata"},"locationId":"australia-southeast1","displayName":"Sydney"},{"name":"projects/wogelplanner/locations/australia-southeast2","labels":{"cloud.googleapis.com/location":"australia-southeast2","cloud.googleapis.com/region":"australia-southeast2"},"metadata":{"@type":"type.googleapis.com/google.firestore.admin.v1.LocationMetadata"},"locationId":"australia-southeast2","displayName":"Melbourne"},{"name":"projects/wogelplanner/locations/europe-central2","labels":{"appengine.googleapis.com/region":"europe-central2","cloud.googleapis.com/location":"europe-central2","cloud.googleapis.com/region":"europe-central2"},"metadata":{"@type":"type.googleapis.com/google.firestore.admin.v1.LocationMetadata"},"locationId":"europe-central2","displayName":"Warsaw"},{"name":"projects/wogelplanner/locations/europe-north1","labels":{"cloud.googleapis.com/location":"europe-north1","cloud.googleapis.com/region":"europe-north1"},"metadata":{"@type":"type.googleapis.com/google.firestore.admin.v1.LocationMetadata"},"locationId":"europe-north1","displayName":"Finland"},{"name":"projects/wogelplanner/locations/europe-north2","labels":{"cloud.googleapis.com/location":"europe-north2","cloud.googleapis.com/region":"europe-north2"},"metadata":{"@type":"type.googleapis.com/google.firestore.admin.v1.LocationMetadata"},"locationId":"europe-north2","displayName":"Stockholm"},{"name":"projects/wogelplanner/locations/europe-southwest1","labels":{"cloud.googleapis.com/location":"europe-southwest1","cloud.googleapis.com/region":"europe-southwest1"},"metadata":{"@type":"type.googleapis.com/google.firestore.admin.v1.LocationMetadata"},"locationId":"europe-southwest1","displayName":"Madrid"},{"name":"projects/wogelplanner/locations/europe-west1","labels":{"cloud.googleapis.com/location":"europe-west1","cloud.googleapis.com/region":"europe-west1"},"metadata":{"@type":"type.googleapis.com/google.firestore.admin.v1.LocationMetadata"},"locationId":"europe-west1","displayName":"Belgium"},{"name":"projects/wogelplanner/locations/europe-west10","labels":{"cloud.googleapis.com/location":"europe-west10","cloud.googleapis.com/region":"europe-west10"},"metadata":{"@type":"type.googleapis.com/google.firestore.admin.v1.LocationMetadata"},"locationId":"europe-west10","displayName":"Berlin"},{"name":"projects/wogelplanner/locations/europe-west12","labels":{"cloud.googleapis.com/location":"europe-west12","cloud.googleapis.com/region":"europe-west12"},"metadata":{"@type":"type.googleapis.com/google.firestore.admin.v1.LocationMetadata"},"locationId":"europe-west12","displayName":"Turin"},{"name":"projects/wogelplanner/locations/europe-west2","labels":{"appengine.googleapis.com/region":"europe-west2","cloud.googleapis.com/location":"europe-west2","cloud.googleapis.com/region":"europe-west2"},"metadata":{"@type":"type.googleapis.com/google.firestore.admin.v1.LocationMetadata"},"locationId":"europe-west2","displayName":"London"},{"name":"projects/wogelplanner/locations/europe-west3","labels":{"appengine.googleapis.com/region":"europe-west3","cloud.googleapis.com/location":"europe-west3","cloud.googleapis.com/region":"europe-west3"},"metadata":{"@type":"type.googleapis.com/google.firestore.admin.v1.LocationMetadata"},"locationId":"europe-west3","displayName":"Frankfurt"},{"name":"projects/wogelplanner/locations/europe-west4","labels":{"cloud.googleapis.com/location":"europe-west4","cloud.googleapis.com/region":"europe-west4"},"metadata":{"@type":"type.googleapis.com/google.firestore.admin.v1.LocationMetadata"},"locationId":"europe-west4","displayName":"Netherlands"},{"name":"projects/wogelplanner/locations/europe-west6","labels":{"appengine.googleapis.com/region":"europe-west6","cloud.googleapis.com/location":"europe-west6","cloud.googleapis.com/region":"europe-west6"},"metadata":{"@type":"type.googleapis.com/google.firestore.admin.v1.LocationMetadata"},"locationId":"europe-west6","displayName":"Zurich"},{"name":"projects/wogelplanner/locations/europe-west8","labels":{"cloud.googleapis.com/location":"europe-west8","cloud.googleapis.com/region":"europe-west8"},"metadata":{"@type":"type.googleapis.com/google.firestore.admin.v1.LocationMetadata"},"locationId":"europe-west8","displayName":"Milan"},{"name":"projects/wogelplanner/locations/europe-west9","labels":{"cloud.googleapis.com/location":"europe-west9","cloud.googleapis.com/region":"europe-west9"},"metadata":{"@type":"type.googleapis.com/google.firestore.admin.v1.LocationMetadata"},"locationId":"europe-west9","displayName":"Paris"},{"name":"projects/wogelplanner/locations/me-central1","labels":{"cloud.googleapis.com/location":"me-central1","cloud.googleapis.com/region":"me-central1"},"metadata":{"@type":"type.googleapis.com/google.firestore.admin.v1.LocationMetadata"},"locationId":"me-central1","displayName":"Doha"},{"name":"projects/wogelplanner/locations/me-central2","labels":{"cloud.googleapis.com/location":"me-central2","cloud.googleapis.com/region":"me-central2"},"metadata":{"@type":"type.googleapis.com/google.firestore.admin.v1.LocationMetadata"},"locationId":"me-central2","displayName":"Dammam"},{"name":"projects/wogelplanner/locations/me-west1","labels":{"cloud.googleapis.com/location":"me-west1","cloud.googleapis.com/region":"me-west1"},"metadata":{"@type":"type.googleapis.com/google.firestore.admin.v1.LocationMetadata"},"locationId":"me-west1","displayName":"Tel Aviv"},{"name":"projects/wogelplanner/locations/northamerica-northeast1","labels":{"appengine.googleapis.com/region":"northamerica-northeast1","cloud.googleapis.com/location":"northamerica-northeast1","cloud.googleapis.com/region":"northamerica-northeast1"},"metadata":{"@type":"type.googleapis.com/google.firestore.admin.v1.LocationMetadata"},"locationId":"northamerica-northeast1","displayName":"Montréal"},{"name":"projects/wogelplanner/locations/northamerica-northeast2","labels":{"cloud.googleapis.com/location":"northamerica-northeast2","cloud.googleapis.com/region":"northamerica-northeast2"},"metadata":{"@type":"type.googleapis.com/google.firestore.admin.v1.LocationMetadata"},"locationId":"northamerica-northeast2","displayName":"Toronto"},{"name":"projects/wogelplanner/locations/northamerica-south1","labels":{"cloud.googleapis.com/location":"northamerica-south1","cloud.googleapis.com/region":"northamerica-south1"},"metadata":{"@type":"type.googleapis.com/google.firestore.admin.v1.LocationMetadata"},"locationId":"northamerica-south1","displayName":"Mexico"},{"name":"projects/wogelplanner/locations/southamerica-east1","labels":{"appengine.googleapis.com/region":"southamerica-east1","cloud.googleapis.com/location":"southamerica-east1","cloud.googleapis.com/region":"southamerica-east1"},"metadata":{"@type":"type.googleapis.com/google.firestore.admin.v1.LocationMetadata"},"locationId":"southamerica-east1","displayName":"São Paulo"},{"name":"projects/wogelplanner/locations/southamerica-west1","labels":{"cloud.googleapis.com/location":"southamerica-west1","cloud.googleapis.com/region":"southamerica-west1"},"metadata":{"@type":"type.googleapis.com/google.firestore.admin.v1.LocationMetadata"},"locationId":"southamerica-west1","displayName":"Santiago"},{"name":"projects/wogelplanner/locations/us-central1","labels":{"cloud.googleapis.com/location":"us-central1","cloud.googleapis.com/region":"us-central1"},"metadata":{"@type":"type.googleapis.com/google.firestore.admin.v1.LocationMetadata"},"locationId":"us-central1","displayName":"Iowa"},{"name":"projects/wogelplanner/locations/us-east1","labels":{"appengine.googleapis.com/region":"us-east1","cloud.googleapis.com/location":"us-east1","cloud.googleapis.com/region":"us-east1"},"metadata":{"@type":"type.googleapis.com/google.firestore.admin.v1.LocationMetadata"},"locationId":"us-east1","displayName":"South Carolina"},{"name":"projects/wogelplanner/locations/us-east4","labels":{"appengine.googleapis.com/region":"us-east4","cloud.googleapis.com/location":"us-east4","cloud.googleapis.com/region":"us-east4"},"metadata":{"@type":"type.googleapis.com/google.firestore.admin.v1.LocationMetadata"},"locationId":"us-east4","displayName":"Northern Virginia"},{"name":"projects/wogelplanner/locations/us-east5","labels":{"cloud.googleapis.com/location":"us-east5","cloud.googleapis.com/region":"us-east5"},"metadata":{"@type":"type.googleapis.com/google.firestore.admin.v1.LocationMetadata"},"locationId":"us-east5","displayName":"Columbus"},{"name":"projects/wogelplanner/locations/us-south1","labels":{"cloud.googleapis.com/location":"us-south1","cloud.googleapis.com/region":"us-south1"},"metadata":{"@type":"type.googleapis.com/google.firestore.admin.v1.LocationMetadata"},"locationId":"us-south1","displayName":"Dallas"},{"name":"projects/wogelplanner/locations/us-west1","labels":{"appengine.googleapis.com/region":"us-west1","cloud.googleapis.com/location":"us-west1","cloud.googleapis.com/region":"us-west1"},"metadata":{"@type":"type.googleapis.com/google.firestore.admin.v1.LocationMetadata"},"locationId":"us-west1","displayName":"Oregon"},{"name":"projects/wogelplanner/locations/us-west2","labels":{"appengine.googleapis.com/region":"us-west2","cloud.googleapis.com/location":"us-west2","cloud.googleapis.com/region":"us-west2"},"metadata":{"@type":"type.googleapis.com/google.firestore.admin.v1.LocationMetadata"},"locationId":"us-west2","displayName":"Los Angeles"},{"name":"projects/wogelplanner/locations/us-west3","labels":{"appengine.googleapis.com/region":"us-west3","cloud.googleapis.com/location":"us-west3","cloud.googleapis.com/region":"us-west3"},"metadata":{"@type":"type.googleapis.com/google.firestore.admin.v1.LocationMetadata"},"locationId":"us-west3","displayName":"Salt Lake City"},{"name":"projects/wogelplanner/locations/us-west4","labels":{"appengine.googleapis.com/region":"us-west4","cloud.googleapis.com/location":"us-west4","cloud.googleapis.com/region":"us-west4"},"metadata":{"@type":"type.googleapis.com/google.firestore.admin.v1.LocationMetadata"},"locationId":"us-west4","displayName":"Las Vegas"}]}
[info] 
[info] Firestore Security Rules allow you to define how and when to allow
[info] requests. You can keep these rules in your project directory
[info] and publish them with firebase deploy.
[info] 
[debug] [2025-09-30T23:52:57.170Z] Checked if tokens are valid: true, expires at: 1759278662207
[debug] [2025-09-30T23:52:57.170Z] Checked if tokens are valid: true, expires at: 1759278662207
[debug] [2025-09-30T23:52:57.171Z] >>> [apiv2][query] GET https://firebaserules.googleapis.com/v1/projects/wogelplanner/releases pageSize=10&pageToken=
[debug] [2025-09-30T23:52:58.174Z] <<< [apiv2][status] GET https://firebaserules.googleapis.com/v1/projects/wogelplanner/releases 200
[debug] [2025-09-30T23:52:58.174Z] <<< [apiv2][body] GET https://firebaserules.googleapis.com/v1/projects/wogelplanner/releases {}
[info] i  firestore.rules is unchanged 
[info] 
[info] Firestore indexes allow you to perform complex queries while
[info] maintaining performance that scales with the size of the result
[info] set. You can keep index definitions in your project directory
[info] and publish them with firebase deploy.
[info] 
[debug] [2025-09-30T23:53:00.023Z] Checked if tokens are valid: true, expires at: 1759278662207
[debug] [2025-09-30T23:53:00.024Z] Checked if tokens are valid: true, expires at: 1759278662207
[debug] [2025-09-30T23:53:00.024Z] Checked if tokens are valid: true, expires at: 1759278662207
[debug] [2025-09-30T23:53:00.024Z] Checked if tokens are valid: true, expires at: 1759278662207
[debug] [2025-09-30T23:53:00.024Z] >>> [apiv2][query] GET https://firestore.googleapis.com/v1/projects/wogelplanner/databases/(default)/collectionGroups/-/indexes [none]
[debug] [2025-09-30T23:53:00.027Z] >>> [apiv2][query] GET https://firestore.googleapis.com/v1/projects/wogelplanner/databases/(default)/collectionGroups/-/fields?filter=indexConfig.usesAncestorConfig=false OR ttlConfig:* [none]
[debug] [2025-09-30T23:53:00.378Z] <<< [apiv2][status] GET https://firestore.googleapis.com/v1/projects/wogelplanner/databases/(default)/collectionGroups/-/fields?filter=indexConfig.usesAncestorConfig=false OR ttlConfig:* 404
[debug] [2025-09-30T23:53:00.378Z] <<< [apiv2][body] GET https://firestore.googleapis.com/v1/projects/wogelplanner/databases/(default)/collectionGroups/-/fields?filter=indexConfig.usesAncestorConfig=false OR ttlConfig:* {"error":{"code":404,"message":"Project 'wogelplanner' or database '(default)' does not exist.","status":"NOT_FOUND"}}
[info] i  firestore.indexes.json is unchanged 
[info] ✔  Wrote firestore.indexes.json 
[info] 
=== Hosting Setup
[debug] [2025-09-30T23:53:00.383Z] Checked if tokens are valid: true, expires at: 1759278662207
[debug] [2025-09-30T23:53:00.383Z] Checked if tokens are valid: true, expires at: 1759278662207
[debug] [2025-09-30T23:53:00.384Z] >>> [apiv2][query] GET https://firebase.googleapis.com/v1beta1/projects/wogelplanner [none]
[debug] [2025-09-30T23:53:00.392Z] <<< [apiv2][status] GET https://firestore.googleapis.com/v1/projects/wogelplanner/databases/(default)/collectionGroups/-/indexes 404
[debug] [2025-09-30T23:53:00.392Z] <<< [apiv2][body] GET https://firestore.googleapis.com/v1/projects/wogelplanner/databases/(default)/collectionGroups/-/indexes {"error":{"code":404,"message":"Project 'wogelplanner' or database '(default)' does not exist.","status":"NOT_FOUND"}}
[debug] [2025-09-30T23:53:00.777Z] <<< [apiv2][status] GET https://firebase.googleapis.com/v1beta1/projects/wogelplanner 200
[debug] [2025-09-30T23:53:00.777Z] <<< [apiv2][body] GET https://firebase.googleapis.com/v1beta1/projects/wogelplanner {"projectId":"wogelplanner","projectNumber":"170036169635","displayName":"wogelplanner","name":"projects/wogelplanner","resources":{"hostingSite":"wogelplanner"},"state":"ACTIVE","etag":"1_2aab8243-97b9-46a8-905d-5d4160c969bd"}
[info] 
[info] Your public directory is the folder (relative to your project directory) that
[info] will contain Hosting assets to be uploaded with firebase deploy. If you
[info] have a build process for your assets, use your build's output directory.
[info] 
[info] ✔  Wrote public/404.html 
[debug] [2025-09-30T23:53:23.375Z] >>> [apiv2][query] GET https://www.gstatic.com/firebasejs/releases.json [none]
[debug] [2025-09-30T23:53:23.825Z] <<< [apiv2][status] GET https://www.gstatic.com/firebasejs/releases.json 200
[debug] [2025-09-30T23:53:23.825Z] <<< [apiv2][body] GET https://www.gstatic.com/firebasejs/releases.json {"current":{"version":"12.3.0","browserURL":"https://www.gstatic.com/firebasejs/12.3.0/firebase.js","packageURL":"https://www.gstatic.com/firebasejs/12.3.0/firebase.tgz"},"live":{"version":"12.3","browserURL":"https://www.gstatic.com/firebasejs/live/12.3/firebase.js","packageURL":"https://www.gstatic.com/firebasejs/live/12.3/firebase.tgz"},"components":{"ai":"https://www.gstatic.com/firebasejs/12.3.0/firebase-ai.js","analytics":"https://www.gstatic.com/firebasejs/12.3.0/firebase-analytics.js","app":"https://www.gstatic.com/firebasejs/12.3.0/firebase-app.js","app-check":"https://www.gstatic.com/firebasejs/12.3.0/firebase-app-check.js","auth":"https://www.gstatic.com/firebasejs/12.3.0/firebase-auth.js","auth/cordova":"https://www.gstatic.com/firebasejs/12.3.0/firebase-auth/cordova.js","auth/web-extension":"https://www.gstatic.com/firebasejs/12.3.0/firebase-auth/web-extension.js","functions":"https://www.gstatic.com/firebasejs/12.3.0/firebase-functions.js","firestore":"https://www.gstatic.com/firebasejs/12.3.0/firebase-firestore.js","firestore/lite":"https://www.gstatic.com/firebasejs/12.3.0/firebase-firestore/lite.js","installations":"https://www.gstatic.com/firebasejs/12.3.0/firebase-installations.js","storage":"https://www.gstatic.com/firebasejs/12.3.0/firebase-storage.js","performance":"https://www.gstatic.com/firebasejs/12.3.0/firebase-performance.js","remote-config":"https://www.gstatic.com/firebasejs/12.3.0/firebase-remote-config.js","messaging":"https://www.gstatic.com/firebasejs/12.3.0/firebase-messaging.js","messaging/sw":"https://www.gstatic.com/firebasejs/12.3.0/firebase-messaging/sw.js","database":"https://www.gstatic.com/firebasejs/12.3.0/firebase-database.js","data-connect":"https://www.gstatic.com/firebasejs/12.3.0/firebase-data-connect.js","firestore.memory":"https://www.gstatic.com/firebasejs/12.3.0/firebase-firestore.memory.js"}}
[info] ✔  Wrote public/index.html 
[info] 
[info] i  Detected a .git folder at /home/david/projects/wogelplanner 
[info] i  Authorizing with GitHub to upload your service account to a GitHub repository's secrets store. 
[info] 
[info] Visit this URL on this device to log in:
[info] https://github.com/login/oauth/authorize?client_id=89cf50f02ac6aaed3484&state=579255856&redirect_uri=http%3A%2F%2Flocalhost%3A9005&scope=read%3Auser%20repo%20public_repo
[info] 
[info] Waiting for authentication...
[debug] [2025-09-30T23:53:25.476Z] >>> [apiv2][query] POST https://github.com/login/oauth/access_token [none]
[debug] [2025-09-30T23:53:25.477Z] >>> [apiv2][body] POST https://github.com/login/oauth/access_token [stream]
[debug] [2025-09-30T23:53:25.777Z] <<< [apiv2][status] POST https://github.com/login/oauth/access_token 200
[debug] [2025-09-30T23:53:25.778Z] <<< [apiv2][body] POST https://github.com/login/oauth/access_token {"access_token":"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","token_type":"bearer","scope":"read:user,repo"}
[debug] [2025-09-30T23:53:25.781Z] >>> [apiv2][query] GET https://api.github.com/user [none]
[debug] [2025-09-30T23:53:26.108Z] <<< [apiv2][status] GET https://api.github.com/user 200
[debug] [2025-09-30T23:53:26.109Z] <<< [apiv2][body] GET https://api.github.com/user {"login":"nuksnuks","id":95483927,"node_id":"U_kgDOBbD4Fw","avatar_url":"https://avatars.githubusercontent.com/u/95483927?v=4","gravatar_id":"","url":"https://api.github.com/users/nuksnuks","html_url":"https://github.com/nuksnuks","followers_url":"https://api.github.com/users/nuksnuks/followers","following_url":"https://api.github.com/users/nuksnuks/following{/other_user}","gists_url":"https://api.github.com/users/nuksnuks/gists{/gist_id}","starred_url":"https://api.github.com/users/nuksnuks/starred{/owner}{/repo}","subscriptions_url":"https://api.github.com/users/nuksnuks/subscriptions","organizations_url":"https://api.github.com/users/nuksnuks/orgs","repos_url":"https://api.github.com/users/nuksnuks/repos","events_url":"https://api.github.com/users/nuksnuks/events{/privacy}","received_events_url":"https://api.github.com/users/nuksnuks/received_events","type":"User","user_view_type":"private","site_admin":false,"name":"David Wogelius","company":null,"blog":"","location":null,"email":null,"hireable":null,"bio":"30 year JavaScript wizard","twitter_username":null,"notification_email":null,"public_repos":1,"public_gists":0,"followers":1,"following":2,"created_at":"2021-12-03T13:21:04Z","updated_at":"2025-09-29T11:47:07Z","private_gists":0,"total_private_repos":19,"owned_private_repos":19,"disk_usage":822614,"collaborators":20,"two_factor_authentication":false,"plan":{"name":"free","space":976562499,"collaborators":0,"private_repos":10000}}
[info] 
[info] ✔  Success! Logged into GitHub as nuksnuks 
[info] 
[debug] [2025-09-30T23:53:36.854Z] >>> [apiv2][query] GET https://api.github.com/repos//actions/secrets/public-key type=owner
[debug] [2025-09-30T23:53:37.115Z] <<< [apiv2][status] GET https://api.github.com/repos//actions/secrets/public-key 404
[debug] [2025-09-30T23:53:37.115Z] <<< [apiv2][body] GET https://api.github.com/repos//actions/secrets/public-key {"message":"Not Found","documentation_url":"https://docs.github.com/rest","status":"404"}
[info] 
[info] 
[error] ⚠  The provided authorization cannot be used with this repository. If this repository is in an organization, did you remember to grant access? 
[info] 
[info] i  Action required: Visit this URL to ensure access has been granted to the appropriate organization(s) for the Firebase CLI GitHub OAuth App: 
[info] https://github.com/settings/connections/applications/89cf50f02ac6aaed3484
[info] 
